[INFO] Scanning for projects...
[INFO] 
[INFO] -----------------< com.sharespace:sharespace-backend >------------------
[INFO] Building sharespace-backend 0.0.1-SNAPSHOT
[INFO]   from pom.xml
[INFO] --------------------------------[ jar ]---------------------------------
[INFO] 
[INFO] --- resources:3.3.1:resources (default-resources) @ sharespace-backend ---
[INFO] Copying 1 resource from src\main\resources to target\classes
[INFO] Copying 0 resource from src\main\resources to target\classes
[INFO] 
[INFO] --- compiler:3.14.0:compile (default-compile) @ sharespace-backend ---
[INFO] Recompiling the module because of changed source code.
[INFO] Compiling 41 source files with javac [debug parameters release 21] to target\classes
[INFO] -------------------------------------------------------------
[ERROR] COMPILATION ERROR : 
[INFO] -------------------------------------------------------------
[ERROR] /C:/Users/harsh/Desktop/prjct/backend/src/main/java/com/sharespace/backend/user/UserController.java:[35,16] constructor UserSummaryResponse in record com.sharespace.backend.user.UserSummaryResponse cannot be applied to given types;
  required: java.lang.Long,java.lang.String,java.lang.String,java.lang.String,com.sharespace.backend.user.UserRole
  found:    java.lang.Long,java.lang.String,java.lang.String,java.lang.String
  reason: actual and formal argument lists differ in length
[INFO] 1 error
[INFO] -------------------------------------------------------------
[INFO] ------------------------------------------------------------------------
[INFO] BUILD FAILURE
[INFO] ------------------------------------------------------------------------
[INFO] Total time:  3.048 s
[INFO] Finished at: 2026-03-24T02:08:45+05:30
[INFO] ------------------------------------------------------------------------
[ERROR] Failed to execute goal org.apache.maven.plugins:maven-compiler-plugin:3.14.0:compile (default-compile) on project sharespace-backend: Compilation failure
[ERROR] /C:/Users/harsh/Desktop/prjct/backend/src/main/java/com/sharespace/backend/user/UserController.java:[35,16] constructor UserSummaryResponse in record com.sharespace.backend.user.UserSummaryResponse cannot be applied to given types;
[ERROR]   required: java.lang.Long,java.lang.String,java.lang.String,java.lang.String,com.sharespace.backend.user.UserRole
[ERROR]   found:    java.lang.Long,java.lang.String,java.lang.String,java.lang.String
[ERROR]   reason: actual and formal argument lists differ in length
[ERROR] 
[ERROR] -> [Help 1]
[ERROR] 
[ERROR] To see the full stack trace of the errors, re-run Maven with the -e switch.
[ERROR] Re-run Maven using the -X switch to enable full debug logging.
[ERROR] 
[ERROR] For more information about the errors and possible solutions, please read the following articles:
[ERROR] [Help 1] http://cwiki.apache.org/confluence/display/MAVEN/MojoFailureException
